# serializer version: 1
# name: test_delete_cli
  '''
  Delivery summary:
  
  	delivery_id: 20120114T120001-product1-2824
  	pushing_entity_id: GLO-MERCATOR-TOULOUSE-FR
  	product_id: product1
  	dataset_id: dataset1
  
  The following delete operation have been submitted:
  
  	[DELETE] tests/resources/file1.txt
  	[DELETE] tests/resources/file2.txt
  
  Total: 0 file uploaded, 2 file to delete.
  '''
# ---
# name: test_delete_cli_save_delivery_json
  '''
  Delivery summary:
  
  	delivery_id: 20120114T120001-product1-2824
  	pushing_entity_id: GLO-MERCATOR-TOULOUSE-FR
  	product_id: product1
  	dataset_id: dataset1
  
  The following delete operation have been submitted:
  
  	[DELETE] tests/resources/file1.txt
  	[DELETE] tests/resources/file2.txt
  
  Total: 0 file uploaded, 2 file to delete.
  '''
# ---
# name: test_delete_cli_save_delivery_json.1
  dict({
    'creation_time': '2012-01-14T12:00:01Z',
    'dataset_id': 'dataset1',
    'error': None,
    'manifest_id': '20120114T120001-product1-2824',
    'operations': list([
      dict({
        'changelog': list([
          dict({
            'comment': None,
            'error': None,
            'step': 'creation',
            'step_status': 'success',
            'timestamp': '2012-01-14T12:00:01Z',
          }),
        ]),
        'error': None,
        'files': list([
          dict({
            'error': None,
            'key_suffix': 'tests/resources/file1.txt',
            'status': 'todo',
            'status_timestamp': None,
          }),
          dict({
            'error': None,
            'key_suffix': 'tests/resources/file2.txt',
            'status': 'todo',
            'status_timestamp': None,
          }),
        ]),
        'operation': 'delete',
        'status': 'todo',
        'status_timestamp': None,
      }),
    ]),
    'product_id': 'product1',
    'pushing_entity_id': 'GLO-MERCATOR-TOULOUSE-FR',
    'status': 'todo',
    'status_timestamp': None,
  })
# ---
# name: test_delete_python_interface
  '''
  {
    "delivery_id": "20120114T120001-product1-2824",
    "fatal_error": null,
    "files_to_delete": [
      {
        "key_suffix": "tests/resources/file1.txt",
        "status_timestamp": null,
        "error": null,
        "status": "todo"
      },
      {
        "key_suffix": "tests/resources/file2.txt",
        "status_timestamp": null,
        "error": null,
        "status": "todo"
      }
    ]
  }
  '''
# ---
# name: test_delete_python_interface.1
  '''
  {
    "manifest_id": "20120114T120001-product1-2824",
    "pushing_entity_id": "GLO-MERCATOR-TOULOUSE-FR",
    "product_id": "product1",
    "dataset_id": "dataset1",
    "operations": [
      {
        "operation": "delete",
        "status": "todo",
        "status_timestamp": null,
        "error": null,
        "changelog": [
          {
            "step": "creation",
            "timestamp": "2012-01-14T12:00:01Z",
            "step_status": "success",
            "error": null,
            "comment": null
          }
        ],
        "files": [
          {
            "key_suffix": "tests/resources/file1.txt",
            "status_timestamp": null,
            "error": null,
            "status": "todo"
          },
          {
            "key_suffix": "tests/resources/file2.txt",
            "status_timestamp": null,
            "error": null,
            "status": "todo"
          }
        ]
      }
    ],
    "creation_time": "2012-01-14T12:00:01Z",
    "status": "todo",
    "status_timestamp": null,
    "error": null
  }
  '''
# ---
