# serializer version: 1
# name: test_save_manifest_and_load
  '''
  {
    "manifest_id": "20260804T083218-product1-5012",
    "pushing_entity_id": "TEST-FR",
    "product_id": "product1",
    "dataset_id": "dataset1",
    "operations": [
      {
        "operation": "upload",
        "status": "todo",
        "status_timestamp": null,
        "error": null,
        "changelog": [
          {
            "step": "creation",
            "timestamp": "2026-08-04T06:32:18Z",
            "step_status": "success",
            "error": null,
            "comment": null
          }
        ],
        "files": [
          {
            "key_suffix": "file.nc",
            "status_timestamp": null,
            "error": null,
            "status": "published",
            "file_size_mb": 43,
            "checksum": "abc-1",
            "upload_duration_seconds": 1.23
          }
        ],
        "upload_duration_seconds": 1.23
      },
      {
        "operation": "delete",
        "status": "todo",
        "status_timestamp": null,
        "error": null,
        "changelog": [
          {
            "step": "creation",
            "timestamp": "2026-08-04T06:32:18Z",
            "step_status": "success",
            "error": null,
            "comment": null
          }
        ],
        "files": [
          {
            "key_suffix": "file2.nc",
            "status_timestamp": null,
            "error": null,
            "status": "deleted"
          }
        ]
      }
    ],
    "creation_time": "2026-08-04T06:32:18Z",
    "status": "todo",
    "status_timestamp": null,
    "error": null
  }
  '''
# ---
