# serializer version: 1
# name: test_delivery_cli_with_delivery_file
  '''
  Delivery summary:
  
  	delivery_id: 20120114T120001-product1-2824
  	pushing_entity_id: GLO-MERCATOR-TOULOUSE-FR
  	product_id: product1
  	dataset_id: dataset1
  
  The following operations have been submitted:
  
  	[DELETE] tests/resources/file1.txt
  	[DELETE] tests/resources/file2.txt
  	[UPLOAD] tests/resources/file1.txt -> product1/dataset1/tests/resources/file1.txt
  	[UPLOAD] tests/resources/file2.txt -> product1/dataset1/tests/resources/file2.txt
  
  Total: 1 uploads, 1 deletes.
  '''
# ---
# name: test_delivery_python_interface
  '''
  {
    "delivery_id": "20120114T120001-product1-2824",
    "fatal_error": null,
    "operations_responses": [
      {
        "delivery_id": "20120114T120001-product1-2824",
        "fatal_error": null,
        "files_deleted": [
          {
            "key_suffix": "tests/resources/file1.txt",
            "status_timestamp": null,
            "error": null,
            "status": "todo"
          },
          {
            "key_suffix": "tests/resources/file2.txt",
            "status_timestamp": null,
            "error": null,
            "status": "todo"
          }
        ]
      },
      {
        "delivery_id": "20120114T120001-product1-2824",
        "fatal_error": null,
        "files_uploaded": [
          [
            "tests/resources/file1.txt",
            "product1/dataset1/tests/resources/file1.txt"
          ],
          [
            "tests/resources/file2.txt",
            "product1/dataset1/tests/resources/file2.txt"
          ]
        ],
        "files_failed": []
      }
    ]
  }
  '''
# ---
# name: test_delivery_python_interface.1
  '''
  {
    "manifest_id": "20120114T120001-product1-2824",
    "pushing_entity_id": "GLO-MERCATOR-TOULOUSE-FR",
    "product_id": "product1",
    "dataset_id": "dataset1",
    "operations": [
      {
        "operation": "delete",
        "status": "todo",
        "status_timestamp": null,
        "error": null,
        "changelog": [
          {
            "step": "creation",
            "timestamp": "2012-01-14T12:00:01Z",
            "step_status": "success",
            "error": null,
            "comment": null
          },
          {
            "step": "push",
            "timestamp": "2012-01-14T12:00:01Z",
            "step_status": "success",
            "error": null,
            "comment": null
          }
        ],
        "files": [
          {
            "key_suffix": "tests/resources/file1.txt",
            "status_timestamp": null,
            "error": null,
            "status": "todo"
          },
          {
            "key_suffix": "tests/resources/file2.txt",
            "status_timestamp": null,
            "error": null,
            "status": "todo"
          }
        ]
      },
      {
        "operation": "upload",
        "status": "todo",
        "status_timestamp": null,
        "error": null,
        "changelog": [
          {
            "step": "creation",
            "timestamp": "2012-01-14T12:00:01Z",
            "step_status": "success",
            "error": null,
            "comment": null
          },
          {
            "step": "push",
            "timestamp": "2012-01-14T12:00:01Z",
            "step_status": "success",
            "error": null,
            "comment": "Upload operation pushed files in 0.00 seconds with 2 successful files and 0 errored files."
          }
        ],
        "files": [
          {
            "key_suffix": "tests/resources/file1.txt",
            "status_timestamp": null,
            "error": null,
            "status": "todo",
            "file_size_mb": 0,
            "checksum": "c08af741236b563ed7ac6e240623a6f5-1",
            "upload_duration_seconds": 0.0
          },
          {
            "key_suffix": "tests/resources/file2.txt",
            "status_timestamp": null,
            "error": null,
            "status": "todo",
            "file_size_mb": 0,
            "checksum": "727a3ead5c2a5492759091a67cb31068-1",
            "upload_duration_seconds": 0.0
          }
        ]
      }
    ],
    "creation_time": "2012-01-14T12:00:01Z",
    "status": "todo",
    "status_timestamp": null,
    "error": null
  }
  '''
# ---
