# serializer version: 1
# name: test_manifest
  dict({
    'creation_time': '2012-01-14T12:00:01+00:00',
    'dataset_id': 'dataset1',
    'files': list([
      dict({
        'checksum': 'TODO',
        'file_size': 0,
        'local_file_path': 'tests/resources/file1.txt',
        's3_path': 'tests/resources/file1.txt',
      }),
      dict({
        'checksum': 'TODO',
        'file_size': 0,
        'local_file_path': 'tests/resources/file2.txt',
        's3_path': 'tests/resources/file2.txt',
      }),
    ]),
    'manifest_id': '20120114T120001-dataset1-2824',
    'operation': 'upload',
    'producer_id': 'TODO',
    'product_id': 'product1',
  })
# ---
